---
source: src/global/project/parsed_manifest.rs
assertion_line: 418
expression: remove_ansi_escape_sequences(&err)
---
Duplicated exposed names found: python, python3
